[09:04:16] [main/INFO]: [Iris] block.properties: 351 block ID(s) declared, 3 render-layer override(s)
[09:04:16] [main/INFO]: [Iris] Program 'gbuffers_basic': zero-initializing colored-lighting volume accumulator (pack declares it uninitialized)
[09:04:16] [main/INFO]: [Iris] Program 'gbuffers_basic': stabilized 1 temporal dither reroll idiom(s)
[09:04:16] [main/INFO]: [Iris] Program 'gbuffers_basic': zero-initializing colored-lighting volume accumulator (pack declares it uninitialized)
[09:04:16] [main/INFO]: [Iris] Program 'gbuffers_basic': stabilized 1 temporal dither reroll idiom(s)
[09:04:16] [main/INFO]: [Iris] Program 'gbuffers_line': zero-initializing colored-lighting volume accumulator (pack declares it uninitialized)
[09:04:16] [main/INFO]: [Iris] Program 'gbuffers_line': stabilized 1 temporal dither reroll idiom(s)
[09:04:16] [main/INFO]: [Iris] Program 'gbuffers_line': zero-initializing colored-lighting volume accumulator (pack declares it uninitialized)
[09:04:16] [main/INFO]: [Iris] Program 'gbuffers_line': stabilized 1 temporal dither reroll idiom(s)
[09:04:16] [main/INFO]: [Iris] Program 'gbuffers_textured': zero-initializing colored-lighting volume accumulator (pack declares it uninitialized)
[09:04:16] [main/INFO]: [Iris] Program 'gbuffers_textured': stabilized 2 temporal dither reroll idiom(s)
[09:04:16] [main/INFO]: [Iris] Program 'gbuffers_textured': zero-initializing colored-lighting volume accumulator (pack declares it uninitialized)
[09:04:16] [main/INFO]: [Iris] Program 'gbuffers_textured': stabilized 2 temporal dither reroll idiom(s)
[09:04:16] [main/INFO]: [Iris] Program 'gbuffers_textured': zero-initializing colored-lighting volume accumulator (pack declares it uninitialized)
[09:04:16] [main/INFO]: [Iris] Program 'gbuffers_textured': stabilized 2 temporal dither reroll idiom(s)
[09:04:16] [main/INFO]: [Iris] Program 'gbuffers_textured': zero-initializing colored-lighting volume accumulator (pack declares it uninitialized)
[09:04:16] [main/INFO]: [Iris] Program 'gbuffers_textured': stabilized 2 temporal dither reroll idiom(s)
[09:04:16] [main/INFO]: [Iris] Program 'gbuffers_terrain': zero-initializing colored-lighting volume accumulator (pack declares it uninitialized)
[09:04:16] [main/INFO]: [Iris] Program 'gbuffers_terrain': stabilized 2 temporal dither reroll idiom(s)
[09:04:17] [main/INFO]: [Iris] Program 'gbuffers_terrain': zero-initializing colored-lighting volume accumulator (pack declares it uninitialized)
[09:04:17] [main/INFO]: [Iris] Program 'gbuffers_terrain': stabilized 2 temporal dither reroll idiom(s)
[09:04:17] [main/INFO]: [Iris] Program 'gbuffers_terrain': zero-initializing colored-lighting volume accumulator (pack declares it uninitialized)
[09:04:17] [main/INFO]: [Iris] Program 'gbuffers_terrain': stabilized 2 temporal dither reroll idiom(s)
[09:04:17] [main/INFO]: [Iris] Program 'gbuffers_terrain': zero-initializing colored-lighting volume accumulator (pack declares it uninitialized)
[09:04:17] [main/INFO]: [Iris] Program 'gbuffers_terrain': stabilized 2 temporal dither reroll idiom(s)
[09:04:17] [main/INFO]: [Iris] Program 'gbuffers_terrain': zero-initializing colored-lighting volume accumulator (pack declares it uninitialized)
[09:04:17] [main/INFO]: [Iris] Program 'gbuffers_terrain': stabilized 2 temporal dither reroll idiom(s)
[09:04:17] [main/INFO]: [Iris] Program 'gbuffers_terrain': zero-initializing colored-lighting volume accumulator (pack declares it uninitialized)
[09:04:17] [main/INFO]: [Iris] Program 'gbuffers_terrain': stabilized 2 temporal dither reroll idiom(s)
[09:04:17] [main/INFO]: [Iris] Program 'gbuffers_terrain': zero-initializing colored-lighting volume accumulator (pack declares it uninitialized)
[09:04:17] [main/INFO]: [Iris] Program 'gbuffers_terrain': stabilized 2 temporal dither reroll idiom(s)
[09:04:17] [main/INFO]: [Iris] Program 'gbuffers_terrain': zero-initializing colored-lighting volume accumulator (pack declares it uninitialized)
[09:04:17] [main/INFO]: [Iris] Program 'gbuffers_terrain': stabilized 2 temporal dither reroll idiom(s)
[09:04:17] [main/INFO]: [Iris] Program 'gbuffers_block': zero-initializing colored-lighting volume accumulator (pack declares it uninitialized)
[09:04:17] [main/INFO]: [Iris] Program 'gbuffers_block': stabilized 2 temporal dither reroll idiom(s)
[09:04:17] [main/INFO]: [Iris] Program 'gbuffers_block': zero-initializing colored-lighting volume accumulator (pack declares it uninitialized)
[09:04:17] [main/INFO]: [Iris] Program 'gbuffers_block': stabilized 2 temporal dither reroll idiom(s)
[09:04:17] [main/INFO]: [Iris] Program 'gbuffers_beaconbeam': stabilized 1 temporal dither reroll idiom(s)
[09:04:17] [main/INFO]: [Iris] Program 'gbuffers_beaconbeam': stabilized 1 temporal dither reroll idiom(s)
[09:04:17] [main/INFO]: [Iris] Program 'gbuffers_textured': zero-initializing colored-lighting volume accumulator (pack declares it uninitialized)
[09:04:17] [main/INFO]: [Iris] Program 'gbuffers_textured': stabilized 2 temporal dither reroll idiom(s)
[09:04:17] [main/INFO]: [Iris] Program 'gbuffers_textured': zero-initializing colored-lighting volume accumulator (pack declares it uninitialized)
[09:04:17] [main/INFO]: [Iris] Program 'gbuffers_textured': stabilized 2 temporal dither reroll idiom(s)
[09:04:17] [main/INFO]: [Iris] Program 'gbuffers_entities': zero-initializing colored-lighting volume accumulator (pack declares it uninitialized)
[09:04:17] [main/INFO]: [Iris] Program 'gbuffers_entities': stabilized 2 temporal dither reroll idiom(s)
[09:04:17] [main/INFO]: [Iris] Program 'gbuffers_entities': zero-initializing colored-lighting volume accumulator (pack declares it uninitialized)
[09:04:17] [main/INFO]: [Iris] Program 'gbuffers_entities': stabilized 2 temporal dither reroll idiom(s)
[09:04:17] [main/INFO]: [Iris] Program 'gbuffers_entities_glowing': zero-initializing colored-lighting volume accumulator (pack declares it uninitialized)
[09:04:17] [main/INFO]: [Iris] Program 'gbuffers_entities_glowing': stabilized 2 temporal dither reroll idiom(s)
[09:04:17] [main/INFO]: [Iris] Program 'gbuffers_entities_glowing': zero-initializing colored-lighting volume accumulator (pack declares it uninitialized)
[09:04:17] [main/INFO]: [Iris] Program 'gbuffers_entities_glowing': stabilized 2 temporal dither reroll idiom(s)
[09:04:18] [main/INFO]: [Iris] Program 'gbuffers_hand': zero-initializing colored-lighting volume accumulator (pack declares it uninitialized)
[09:04:18] [main/INFO]: [Iris] Program 'gbuffers_hand': stabilized 2 temporal dither reroll idiom(s)
[09:04:18] [main/INFO]: [Iris] Program 'gbuffers_hand': zero-initializing colored-lighting volume accumulator (pack declares it uninitialized)
[09:04:18] [main/INFO]: [Iris] Program 'gbuffers_hand': stabilized 2 temporal dither reroll idiom(s)
[09:04:18] [main/INFO]: [Iris] Program 'gbuffers_water': zero-initializing colored-lighting volume accumulator (pack declares it uninitialized)
[09:04:18] [main/INFO]: [Iris] Program 'gbuffers_water': stabilized 2 temporal dither reroll idiom(s)
[09:04:18] [main/INFO]: [Iris] Program 'gbuffers_water': zero-initializing colored-lighting volume accumulator (pack declares it uninitialized)
[09:04:18] [main/INFO]: [Iris] Program 'gbuffers_water': stabilized 2 temporal dither reroll idiom(s)
[09:04:18] [main/INFO]: [Iris] Program 'gbuffers_hand': zero-initializing colored-lighting volume accumulator (pack declares it uninitialized)
[09:04:18] [main/INFO]: [Iris] Program 'gbuffers_hand': stabilized 2 temporal dither reroll idiom(s)
[09:04:18] [main/INFO]: [Iris] Program 'gbuffers_hand': zero-initializing colored-lighting volume accumulator (pack declares it uninitialized)
[09:04:18] [main/INFO]: [Iris] Program 'gbuffers_hand': stabilized 2 temporal dither reroll idiom(s)
[09:04:18] [main/INFO]: [Iris] Program 'shadow': zero-initializing colored-lighting volume accumulator (pack declares it uninitialized)
[09:04:18] [main/INFO]: [Iris] Program 'shadow': zero-initializing colored-lighting volume accumulator (pack declares it uninitialized)
[09:04:18] [main/INFO]: [Iris] Program 'deferred1': stabilized 2 temporal dither reroll idiom(s)
[09:04:18] [main/INFO]: [Iris] Program 'deferred1': stabilized 2 temporal dither reroll idiom(s)
[09:04:18] [main/INFO]: [Iris] Program 'composite': zero-initializing colored-lighting volume accumulator (pack declares it uninitialized)
[09:04:18] [main/INFO]: [Iris] Program 'composite': stabilized 1 temporal dither reroll idiom(s)
[09:04:18] [main/INFO]: [Iris] Program 'composite': zero-initializing colored-lighting volume accumulator (pack declares it uninitialized)
[09:04:18] [main/INFO]: [Iris] Program 'composite': stabilized 1 temporal dither reroll idiom(s)
[09:04:18] [main/INFO]: [Iris] Program 'composite5': stabilized 1 temporal dither reroll idiom(s)
[09:04:18] [main/INFO]: [Iris] Program 'composite5': stabilized 1 temporal dither reroll idiom(s)
[09:04:18] [main/INFO]: [Iris] block.properties: 377 block ID(s) declared, 3 render-layer override(s)
[09:04:18] [main/INFO]: [Iris] Program 'gbuffers_basic': zero-initializing colored-lighting volume accumulator (pack declares it uninitialized)
[09:04:18] [main/INFO]: [Iris] Program 'gbuffers_basic': stabilized 1 temporal dither reroll idiom(s)
[09:04:18] [main/INFO]: [Iris] Program 'gbuffers_basic': zero-initializing colored-lighting volume accumulator (pack declares it uninitialized)
[09:04:18] [main/INFO]: [Iris] Program 'gbuffers_basic': stabilized 1 temporal dither reroll idiom(s)
[09:04:18] [main/INFO]: [Iris] Program 'gbuffers_line': zero-initializing colored-lighting volume accumulator (pack declares it uninitialized)
[09:04:18] [main/INFO]: [Iris] Program 'gbuffers_line': stabilized 1 temporal dither reroll idiom(s)
[09:04:18] [main/INFO]: [Iris] Program 'gbuffers_line': zero-initializing colored-lighting volume accumulator (pack declares it uninitialized)
[09:04:19] [main/INFO]: [Iris] Program 'gbuffers_line': stabilized 1 temporal dither reroll idiom(s)
[09:04:19] [main/INFO]: [Iris] Program 'gbuffers_textured': zero-initializing colored-lighting volume accumulator (pack declares it uninitialized)
[09:04:19] [main/INFO]: [Iris] Program 'gbuffers_textured': stabilized 2 temporal dither reroll idiom(s)
[09:04:19] [main/INFO]: [Iris] Program 'gbuffers_textured': zero-initializing colored-lighting volume accumulator (pack declares it uninitialized)
[09:04:19] [main/INFO]: [Iris] Program 'gbuffers_textured': stabilized 2 temporal dither reroll idiom(s)
[09:04:19] [main/INFO]: [Iris] Program 'gbuffers_textured': zero-initializing colored-lighting volume accumulator (pack declares it uninitialized)
[09:04:19] [main/INFO]: [Iris] Program 'gbuffers_textured': stabilized 2 temporal dither reroll idiom(s)
[09:04:19] [main/INFO]: [Iris] Program 'gbuffers_textured': zero-initializing colored-lighting volume accumulator (pack declares it uninitialized)
[09:04:19] [main/INFO]: [Iris] Program 'gbuffers_textured': stabilized 2 temporal dither reroll idiom(s)
[09:04:19] [main/INFO]: [Iris] Program 'gbuffers_terrain': zero-initializing colored-lighting volume accumulator (pack declares it uninitialized)
[09:04:19] [main/INFO]: [Iris] Program 'gbuffers_terrain': stabilized 2 temporal dither reroll idiom(s)
[09:04:19] [main/INFO]: [Iris] Program 'gbuffers_terrain': zero-initializing colored-lighting volume accumulator (pack declares it uninitialized)
[09:04:19] [main/INFO]: [Iris] Program 'gbuffers_terrain': stabilized 2 temporal dither reroll idiom(s)
[09:04:19] [main/INFO]: [Iris] Program 'gbuffers_terrain': zero-initializing colored-lighting volume accumulator (pack declares it uninitialized)
[09:04:19] [main/INFO]: [Iris] Program 'gbuffers_terrain': stabilized 2 temporal dither reroll idiom(s)
[09:04:19] [main/INFO]: [Iris] Program 'gbuffers_terrain': zero-initializing colored-lighting volume accumulator (pack declares it uninitialized)
[09:04:19] [main/INFO]: [Iris] Program 'gbuffers_terrain': stabilized 2 temporal dither reroll idiom(s)
[09:04:19] [main/INFO]: [Iris] Program 'gbuffers_terrain': zero-initializing colored-lighting volume accumulator (pack declares it uninitialized)
[09:04:19] [main/INFO]: [Iris] Program 'gbuffers_terrain': stabilized 2 temporal dither reroll idiom(s)
[09:04:19] [main/INFO]: [Iris] Program 'gbuffers_terrain': zero-initializing colored-lighting volume accumulator (pack declares it uninitialized)
[09:04:19] [main/INFO]: [Iris] Program 'gbuffers_terrain': stabilized 2 temporal dither reroll idiom(s)
[09:04:19] [main/INFO]: [Iris] Program 'gbuffers_terrain': zero-initializing colored-lighting volume accumulator (pack declares it uninitialized)
[09:04:19] [main/INFO]: [Iris] Program 'gbuffers_terrain': stabilized 2 temporal dither reroll idiom(s)
[09:04:19] [main/INFO]: [Iris] Program 'gbuffers_terrain': zero-initializing colored-lighting volume accumulator (pack declares it uninitialized)
[09:04:19] [main/INFO]: [Iris] Program 'gbuffers_terrain': stabilized 2 temporal dither reroll idiom(s)
[09:04:19] [main/INFO]: [Iris] Program 'gbuffers_block': zero-initializing colored-lighting volume accumulator (pack declares it uninitialized)
[09:04:19] [main/INFO]: [Iris] Program 'gbuffers_block': stabilized 2 temporal dither reroll idiom(s)
[09:04:19] [main/INFO]: [Iris] Program 'gbuffers_block': zero-initializing colored-lighting volume accumulator (pack declares it uninitialized)
[09:04:19] [main/INFO]: [Iris] Program 'gbuffers_block': stabilized 2 temporal dither reroll idiom(s)
[09:04:19] [main/INFO]: [Iris] Program 'gbuffers_beaconbeam': stabilized 1 temporal dither reroll idiom(s)
[09:04:19] [main/INFO]: [Iris] Program 'gbuffers_beaconbeam': stabilized 1 temporal dither reroll idiom(s)
[09:04:19] [main/INFO]: [Iris] Program 'gbuffers_textured': zero-initializing colored-lighting volume accumulator (pack declares it uninitialized)
[09:04:19] [main/INFO]: [Iris] Program 'gbuffers_textured': stabilized 2 temporal dither reroll idiom(s)
[09:04:19] [main/INFO]: [Iris] Program 'gbuffers_textured': zero-initializing colored-lighting volume accumulator (pack declares it uninitialized)
[09:04:19] [main/INFO]: [Iris] Program 'gbuffers_textured': stabilized 2 temporal dither reroll idiom(s)
[09:04:20] [main/INFO]: [Iris] Program 'gbuffers_entities': zero-initializing colored-lighting volume accumulator (pack declares it uninitialized)
[09:04:20] [main/INFO]: [Iris] Program 'gbuffers_entities': stabilized 2 temporal dither reroll idiom(s)
[09:04:20] [main/INFO]: [Iris] Program 'gbuffers_entities': zero-initializing colored-lighting volume accumulator (pack declares it uninitialized)
[09:04:20] [main/INFO]: [Iris] Program 'gbuffers_entities': stabilized 2 temporal dither reroll idiom(s)
[09:04:20] [main/INFO]: [Iris] Program 'gbuffers_entities_glowing': zero-initializing colored-lighting volume accumulator (pack declares it uninitialized)
[09:04:20] [main/INFO]: [Iris] Program 'gbuffers_entities_glowing': stabilized 2 temporal dither reroll idiom(s)
[09:04:20] [main/INFO]: [Iris] Program 'gbuffers_entities_glowing': zero-initializing colored-lighting volume accumulator (pack declares it uninitialized)
[09:04:20] [main/INFO]: [Iris] Program 'gbuffers_entities_glowing': stabilized 2 temporal dither reroll idiom(s)
[09:04:20] [main/INFO]: [Iris] Program 'gbuffers_hand': zero-initializing colored-lighting volume accumulator (pack declares it uninitialized)
[09:04:20] [main/INFO]: [Iris] Program 'gbuffers_hand': stabilized 2 temporal dither reroll idiom(s)
[09:04:20] [main/INFO]: [Iris] Program 'gbuffers_hand': zero-initializing colored-lighting volume accumulator (pack declares it uninitialized)
[09:04:20] [main/INFO]: [Iris] Program 'gbuffers_hand': stabilized 2 temporal dither reroll idiom(s)
[09:04:20] [main/INFO]: [Iris] Program 'gbuffers_water': zero-initializing colored-lighting volume accumulator (pack declares it uninitialized)
[09:04:20] [main/INFO]: [Iris] Program 'gbuffers_water': stabilized 2 temporal dither reroll idiom(s)
[09:04:20] [main/INFO]: [Iris] Program 'gbuffers_water': zero-initializing colored-lighting volume accumulator (pack declares it uninitialized)
[09:04:20] [main/INFO]: [Iris] Program 'gbuffers_water': stabilized 2 temporal dither reroll idiom(s)
[09:04:20] [main/INFO]: [Iris] Program 'gbuffers_hand': zero-initializing colored-lighting volume accumulator (pack declares it uninitialized)
[09:04:20] [main/INFO]: [Iris] Program 'gbuffers_hand': stabilized 2 temporal dither reroll idiom(s)
[09:04:20] [main/INFO]: [Iris] Program 'gbuffers_hand': zero-initializing colored-lighting volume accumulator (pack declares it uninitialized)
[09:04:20] [main/INFO]: [Iris] Program 'gbuffers_hand': stabilized 2 temporal dither reroll idiom(s)
[09:04:20] [main/INFO]: [Iris] Program 'shadow': zero-initializing colored-lighting volume accumulator (pack declares it uninitialized)
[09:04:20] [main/INFO]: [Iris] Program 'shadow': zero-initializing colored-lighting volume accumulator (pack declares it uninitialized)
[09:04:20] [main/INFO]: [Iris] Program 'deferred1': stabilized 2 temporal dither reroll idiom(s)
[09:04:20] [main/INFO]: [Iris] Program 'deferred1': stabilized 2 temporal dither reroll idiom(s)
[09:04:20] [main/INFO]: [Iris] Program 'composite': zero-initializing colored-lighting volume accumulator (pack declares it uninitialized)
[09:04:20] [main/INFO]: [Iris] Program 'composite': stabilized 2 temporal dither reroll idiom(s)
[09:04:20] [main/INFO]: [Iris] Program 'composite': zero-initializing colored-lighting volume accumulator (pack declares it uninitialized)
[09:04:21] [main/INFO]: [Iris] Program 'composite': stabilized 2 temporal dither reroll idiom(s)
[09:04:21] [main/INFO]: [Iris] Program 'composite1': zero-initializing colored-lighting volume accumulator (pack declares it uninitialized)
[09:04:21] [main/INFO]: [Iris] Program 'composite1': stabilized 1 temporal dither reroll idiom(s)
[09:04:21] [main/INFO]: [Iris] Program 'composite1': zero-initializing colored-lighting volume accumulator (pack declares it uninitialized)
[09:04:21] [main/INFO]: [Iris] Program 'composite1': stabilized 1 temporal dither reroll idiom(s)
[09:04:21] [main/INFO]: [Iris] Program 'composite5': stabilized 1 temporal dither reroll idiom(s)
[09:04:21] [main/INFO]: [Iris] Program 'composite5': stabilized 1 temporal dither reroll idiom(s)
[09:04:21] [main/INFO]: [Iris] block.properties: 377 block ID(s) declared, 3 render-layer override(s)
[09:04:21] [main/INFO]: [Iris] Program 'gbuffers_basic': zero-initializing colored-lighting volume accumulator (pack declares it uninitialized)
[09:04:21] [main/INFO]: [Iris] Program 'gbuffers_basic': stabilized 1 temporal dither reroll idiom(s)
[09:04:21] [main/INFO]: [Iris] Program 'gbuffers_basic': zero-initializing colored-lighting volume accumulator (pack declares it uninitialized)
[09:04:21] [main/INFO]: [Iris] Program 'gbuffers_basic': stabilized 1 temporal dither reroll idiom(s)
[09:04:21] [main/INFO]: [Iris] Program 'gbuffers_line': zero-initializing colored-lighting volume accumulator (pack declares it uninitialized)
[09:04:21] [main/INFO]: [Iris] Program 'gbuffers_line': stabilized 1 temporal dither reroll idiom(s)
[09:04:21] [main/INFO]: [Iris] Program 'gbuffers_line': zero-initializing colored-lighting volume accumulator (pack declares it uninitialized)
[09:04:21] [main/INFO]: [Iris] Program 'gbuffers_line': stabilized 1 temporal dither reroll idiom(s)
[09:04:21] [main/INFO]: [Iris] Program 'gbuffers_textured': zero-initializing colored-lighting volume accumulator (pack declares it uninitialized)
[09:04:21] [main/INFO]: [Iris] Program 'gbuffers_textured': stabilized 2 temporal dither reroll idiom(s)
[09:04:21] [main/INFO]: [Iris] Program 'gbuffers_textured': zero-initializing colored-lighting volume accumulator (pack declares it uninitialized)
[09:04:21] [main/INFO]: [Iris] Program 'gbuffers_textured': stabilized 2 temporal dither reroll idiom(s)
[09:04:21] [main/INFO]: [Iris] Program 'gbuffers_textured': zero-initializing colored-lighting volume accumulator (pack declares it uninitialized)
[09:04:21] [main/INFO]: [Iris] Program 'gbuffers_textured': stabilized 2 temporal dither reroll idiom(s)
[09:04:21] [main/INFO]: [Iris] Program 'gbuffers_textured': zero-initializing colored-lighting volume accumulator (pack declares it uninitialized)
[09:04:21] [main/INFO]: [Iris] Program 'gbuffers_textured': stabilized 2 temporal dither reroll idiom(s)
[09:04:21] [main/INFO]: [Iris] Program 'gbuffers_terrain': zero-initializing colored-lighting volume accumulator (pack declares it uninitialized)
[09:04:21] [main/INFO]: [Iris] Program 'gbuffers_terrain': stabilized 2 temporal dither reroll idiom(s)
[09:04:21] [main/INFO]: [Iris] Program 'gbuffers_terrain': zero-initializing colored-lighting volume accumulator (pack declares it uninitialized)
[09:04:21] [main/INFO]: [Iris] Program 'gbuffers_terrain': stabilized 2 temporal dither reroll idiom(s)
[09:04:22] [main/INFO]: [Iris] Program 'gbuffers_terrain': zero-initializing colored-lighting volume accumulator (pack declares it uninitialized)
[09:04:22] [main/INFO]: [Iris] Program 'gbuffers_terrain': stabilized 2 temporal dither reroll idiom(s)
[09:04:22] [main/INFO]: [Iris] Program 'gbuffers_terrain': zero-initializing colored-lighting volume accumulator (pack declares it uninitialized)
[09:04:22] [main/INFO]: [Iris] Program 'gbuffers_terrain': stabilized 2 temporal dither reroll idiom(s)
[09:04:22] [main/INFO]: [Iris] Program 'gbuffers_terrain': zero-initializing colored-lighting volume accumulator (pack declares it uninitialized)
[09:04:22] [main/INFO]: [Iris] Program 'gbuffers_terrain': stabilized 2 temporal dither reroll idiom(s)
[09:04:22] [main/INFO]: [Iris] Program 'gbuffers_terrain': zero-initializing colored-lighting volume accumulator (pack declares it uninitialized)
[09:04:22] [main/INFO]: [Iris] Program 'gbuffers_terrain': stabilized 2 temporal dither reroll idiom(s)
[09:04:22] [main/INFO]: [Iris] Program 'gbuffers_terrain': zero-initializing colored-lighting volume accumulator (pack declares it uninitialized)
[09:04:22] [main/INFO]: [Iris] Program 'gbuffers_terrain': stabilized 2 temporal dither reroll idiom(s)
[09:04:22] [main/INFO]: [Iris] Program 'gbuffers_terrain': zero-initializing colored-lighting volume accumulator (pack declares it uninitialized)
[09:04:22] [main/INFO]: [Iris] Program 'gbuffers_terrain': stabilized 2 temporal dither reroll idiom(s)
[09:04:22] [main/INFO]: [Iris] Program 'gbuffers_block': zero-initializing colored-lighting volume accumulator (pack declares it uninitialized)
[09:04:22] [main/INFO]: [Iris] Program 'gbuffers_block': stabilized 2 temporal dither reroll idiom(s)
[09:04:22] [main/INFO]: [Iris] Program 'gbuffers_block': zero-initializing colored-lighting volume accumulator (pack declares it uninitialized)
[09:04:22] [main/INFO]: [Iris] Program 'gbuffers_block': stabilized 2 temporal dither reroll idiom(s)
[09:04:22] [main/INFO]: [Iris] Program 'gbuffers_beaconbeam': stabilized 1 temporal dither reroll idiom(s)
[09:04:22] [main/INFO]: [Iris] Program 'gbuffers_beaconbeam': stabilized 1 temporal dither reroll idiom(s)
[09:04:22] [main/INFO]: [Iris] Program 'gbuffers_textured': zero-initializing colored-lighting volume accumulator (pack declares it uninitialized)
[09:04:22] [main/INFO]: [Iris] Program 'gbuffers_textured': stabilized 2 temporal dither reroll idiom(s)
[09:04:22] [main/INFO]: [Iris] Program 'gbuffers_textured': zero-initializing colored-lighting volume accumulator (pack declares it uninitialized)
[09:04:22] [main/INFO]: [Iris] Program 'gbuffers_textured': stabilized 2 temporal dither reroll idiom(s)
[09:04:22] [main/INFO]: [Iris] Program 'gbuffers_entities': zero-initializing colored-lighting volume accumulator (pack declares it uninitialized)
[09:04:22] [main/INFO]: [Iris] Program 'gbuffers_entities': stabilized 2 temporal dither reroll idiom(s)
[09:04:22] [main/INFO]: [Iris] Program 'gbuffers_entities': zero-initializing colored-lighting volume accumulator (pack declares it uninitialized)
[09:04:22] [main/INFO]: [Iris] Program 'gbuffers_entities': stabilized 2 temporal dither reroll idiom(s)
[09:04:22] [main/INFO]: [Iris] Program 'gbuffers_entities_glowing': zero-initializing colored-lighting volume accumulator (pack declares it uninitialized)
[09:04:22] [main/INFO]: [Iris] Program 'gbuffers_entities_glowing': stabilized 2 temporal dither reroll idiom(s)
[09:04:22] [main/INFO]: [Iris] Program 'gbuffers_entities_glowing': zero-initializing colored-lighting volume accumulator (pack declares it uninitialized)
[09:04:22] [main/INFO]: [Iris] Program 'gbuffers_entities_glowing': stabilized 2 temporal dither reroll idiom(s)
[09:04:22] [main/INFO]: [Iris] Program 'gbuffers_hand': zero-initializing colored-lighting volume accumulator (pack declares it uninitialized)
[09:04:22] [main/INFO]: [Iris] Program 'gbuffers_hand': stabilized 2 temporal dither reroll idiom(s)
[09:04:22] [main/INFO]: [Iris] Program 'gbuffers_hand': zero-initializing colored-lighting volume accumulator (pack declares it uninitialized)
[09:04:23] [main/INFO]: [Iris] Program 'gbuffers_hand': stabilized 2 temporal dither reroll idiom(s)
[09:04:23] [main/INFO]: [Iris] Program 'gbuffers_water': zero-initializing colored-lighting volume accumulator (pack declares it uninitialized)
[09:04:23] [main/INFO]: [Iris] Program 'gbuffers_water': stabilized 2 temporal dither reroll idiom(s)
[09:04:23] [main/INFO]: [Iris] Program 'gbuffers_water': zero-initializing colored-lighting volume accumulator (pack declares it uninitialized)
[09:04:23] [main/INFO]: [Iris] Program 'gbuffers_water': stabilized 2 temporal dither reroll idiom(s)
[09:04:23] [main/INFO]: [Iris] Program 'gbuffers_hand': zero-initializing colored-lighting volume accumulator (pack declares it uninitialized)
[09:04:23] [main/INFO]: [Iris] Program 'gbuffers_hand': stabilized 2 temporal dither reroll idiom(s)
[09:04:23] [main/INFO]: [Iris] Program 'gbuffers_hand': zero-initializing colored-lighting volume accumulator (pack declares it uninitialized)
[09:04:23] [main/INFO]: [Iris] Program 'gbuffers_hand': stabilized 2 temporal dither reroll idiom(s)
[09:04:23] [main/INFO]: [Iris] Program 'shadow': zero-initializing colored-lighting volume accumulator (pack declares it uninitialized)
[09:04:23] [main/INFO]: [Iris] Program 'shadow': zero-initializing colored-lighting volume accumulator (pack declares it uninitialized)
[09:04:23] [main/INFO]: [Iris] Program 'deferred1': stabilized 2 temporal dither reroll idiom(s)
[09:04:23] [main/INFO]: [Iris] Program 'deferred1': stabilized 2 temporal dither reroll idiom(s)
[09:04:23] [main/INFO]: [Iris] Program 'composite': zero-initializing colored-lighting volume accumulator (pack declares it uninitialized)
[09:04:23] [main/INFO]: [Iris] Program 'composite': stabilized 2 temporal dither reroll idiom(s)
[09:04:23] [main/INFO]: [Iris] Program 'composite': zero-initializing colored-lighting volume accumulator (pack declares it uninitialized)
[09:04:23] [main/INFO]: [Iris] Program 'composite': stabilized 2 temporal dither reroll idiom(s)
[09:04:23] [main/INFO]: [Iris] Program 'composite1': zero-initializing colored-lighting volume accumulator (pack declares it uninitialized)
[09:04:23] [main/INFO]: [Iris] Program 'composite1': stabilized 1 temporal dither reroll idiom(s)
[09:04:23] [main/INFO]: [Iris] Program 'composite1': zero-initializing colored-lighting volume accumulator (pack declares it uninitialized)
[09:04:23] [main/INFO]: [Iris] Program 'composite1': stabilized 1 temporal dither reroll idiom(s)
[09:04:23] [main/INFO]: [Iris] Program 'composite5': stabilized 1 temporal dither reroll idiom(s)
[09:04:23] [main/INFO]: [Iris] Program 'composite5': stabilized 1 temporal dither reroll idiom(s)
[09:04:24] [main/INFO]: [Iris] block.properties: 377 block ID(s) declared, 3 render-layer override(s)
[09:04:24] [main/INFO]: [Iris] Program 'gbuffers_basic': zero-initializing colored-lighting volume accumulator (pack declares it uninitialized)
[09:04:24] [main/INFO]: [Iris] Program 'gbuffers_basic': stabilized 1 temporal dither reroll idiom(s)
[09:04:24] [main/INFO]: [Iris] Program 'gbuffers_basic': zero-initializing colored-lighting volume accumulator (pack declares it uninitialized)
[09:04:24] [main/INFO]: [Iris] Program 'gbuffers_basic': stabilized 1 temporal dither reroll idiom(s)
[09:04:24] [main/INFO]: [Iris] Program 'gbuffers_line': zero-initializing colored-lighting volume accumulator (pack declares it uninitialized)
[09:04:24] [main/INFO]: [Iris] Program 'gbuffers_line': stabilized 1 temporal dither reroll idiom(s)
[09:04:24] [main/INFO]: [Iris] Program 'gbuffers_line': zero-initializing colored-lighting volume accumulator (pack declares it uninitialized)
[09:04:24] [main/INFO]: [Iris] Program 'gbuffers_line': stabilized 1 temporal dither reroll idiom(s)
[09:04:24] [main/INFO]: [Iris] Program 'gbuffers_textured': zero-initializing colored-lighting volume accumulator (pack declares it uninitialized)
[09:04:24] [main/INFO]: [Iris] Program 'gbuffers_textured': stabilized 2 temporal dither reroll idiom(s)
[09:04:24] [main/INFO]: [Iris] Program 'gbuffers_textured': zero-initializing colored-lighting volume accumulator (pack declares it uninitialized)
[09:04:24] [main/INFO]: [Iris] Program 'gbuffers_textured': stabilized 2 temporal dither reroll idiom(s)
[09:04:24] [main/INFO]: [Iris] Program 'gbuffers_textured': zero-initializing colored-lighting volume accumulator (pack declares it uninitialized)
[09:04:24] [main/INFO]: [Iris] Program 'gbuffers_textured': stabilized 2 temporal dither reroll idiom(s)
[09:04:24] [main/INFO]: [Iris] Program 'gbuffers_textured': zero-initializing colored-lighting volume accumulator (pack declares it uninitialized)
[09:04:24] [main/INFO]: [Iris] Program 'gbuffers_textured': stabilized 2 temporal dither reroll idiom(s)
[09:04:24] [main/INFO]: [Iris] Program 'gbuffers_terrain': zero-initializing colored-lighting volume accumulator (pack declares it uninitialized)
[09:04:24] [main/INFO]: [Iris] Program 'gbuffers_terrain': stabilized 2 temporal dither reroll idiom(s)
[09:04:24] [main/INFO]: [Iris] Program 'gbuffers_terrain': zero-initializing colored-lighting volume accumulator (pack declares it uninitialized)
[09:04:24] [main/INFO]: [Iris] Program 'gbuffers_terrain': stabilized 2 temporal dither reroll idiom(s)
[09:04:24] [main/INFO]: [Iris] Program 'gbuffers_terrain': zero-initializing colored-lighting volume accumulator (pack declares it uninitialized)
[09:04:24] [main/INFO]: [Iris] Program 'gbuffers_terrain': stabilized 2 temporal dither reroll idiom(s)
[09:04:24] [main/INFO]: [Iris] Program 'gbuffers_terrain': zero-initializing colored-lighting volume accumulator (pack declares it uninitialized)
[09:04:24] [main/INFO]: [Iris] Program 'gbuffers_terrain': stabilized 2 temporal dither reroll idiom(s)
[09:04:24] [main/INFO]: [Iris] Program 'gbuffers_terrain': zero-initializing colored-lighting volume accumulator (pack declares it uninitialized)
[09:04:24] [main/INFO]: [Iris] Program 'gbuffers_terrain': stabilized 2 temporal dither reroll idiom(s)
[09:04:24] [main/INFO]: [Iris] Program 'gbuffers_terrain': zero-initializing colored-lighting volume accumulator (pack declares it uninitialized)
[09:04:24] [main/INFO]: [Iris] Program 'gbuffers_terrain': stabilized 2 temporal dither reroll idiom(s)
[09:04:25] [main/INFO]: [Iris] Program 'gbuffers_terrain': zero-initializing colored-lighting volume accumulator (pack declares it uninitialized)
[09:04:25] [main/INFO]: [Iris] Program 'gbuffers_terrain': stabilized 2 temporal dither reroll idiom(s)
[09:04:25] [main/INFO]: [Iris] Program 'gbuffers_terrain': zero-initializing colored-lighting volume accumulator (pack declares it uninitialized)
[09:04:25] [main/INFO]: [Iris] Program 'gbuffers_terrain': stabilized 2 temporal dither reroll idiom(s)
[09:04:25] [main/INFO]: [Iris] Program 'gbuffers_block': zero-initializing colored-lighting volume accumulator (pack declares it uninitialized)
[09:04:25] [main/INFO]: [Iris] Program 'gbuffers_block': stabilized 2 temporal dither reroll idiom(s)
[09:04:25] [main/INFO]: [Iris] Program 'gbuffers_block': zero-initializing colored-lighting volume accumulator (pack declares it uninitialized)
[09:04:25] [main/INFO]: [Iris] Program 'gbuffers_block': stabilized 2 temporal dither reroll idiom(s)
[09:04:25] [main/INFO]: [Iris] Program 'gbuffers_beaconbeam': stabilized 1 temporal dither reroll idiom(s)
[09:04:25] [main/INFO]: [Iris] Program 'gbuffers_beaconbeam': stabilized 1 temporal dither reroll idiom(s)
[09:04:25] [main/INFO]: [Iris] Program 'gbuffers_textured': zero-initializing colored-lighting volume accumulator (pack declares it uninitialized)
[09:04:25] [main/INFO]: [Iris] Program 'gbuffers_textured': stabilized 2 temporal dither reroll idiom(s)
[09:04:25] [main/INFO]: [Iris] Program 'gbuffers_textured': zero-initializing colored-lighting volume accumulator (pack declares it uninitialized)
[09:04:25] [main/INFO]: [Iris] Program 'gbuffers_textured': stabilized 2 temporal dither reroll idiom(s)
[09:04:25] [main/INFO]: [Iris] Program 'gbuffers_entities': zero-initializing colored-lighting volume accumulator (pack declares it uninitialized)
[09:04:25] [main/INFO]: [Iris] Program 'gbuffers_entities': stabilized 2 temporal dither reroll idiom(s)
[09:04:25] [main/INFO]: [Iris] Program 'gbuffers_entities': zero-initializing colored-lighting volume accumulator (pack declares it uninitialized)
[09:04:25] [main/INFO]: [Iris] Program 'gbuffers_entities': stabilized 2 temporal dither reroll idiom(s)
[09:04:25] [main/INFO]: [Iris] Program 'gbuffers_entities_glowing': zero-initializing colored-lighting volume accumulator (pack declares it uninitialized)
[09:04:25] [main/INFO]: [Iris] Program 'gbuffers_entities_glowing': stabilized 2 temporal dither reroll idiom(s)
[09:04:25] [main/INFO]: [Iris] Program 'gbuffers_entities_glowing': zero-initializing colored-lighting volume accumulator (pack declares it uninitialized)
[09:04:25] [main/INFO]: [Iris] Program 'gbuffers_entities_glowing': stabilized 2 temporal dither reroll idiom(s)
[09:04:25] [main/INFO]: [Iris] Program 'gbuffers_hand': zero-initializing colored-lighting volume accumulator (pack declares it uninitialized)
[09:04:25] [main/INFO]: [Iris] Program 'gbuffers_hand': stabilized 2 temporal dither reroll idiom(s)
[09:04:25] [main/INFO]: [Iris] Program 'gbuffers_hand': zero-initializing colored-lighting volume accumulator (pack declares it uninitialized)
[09:04:25] [main/INFO]: [Iris] Program 'gbuffers_hand': stabilized 2 temporal dither reroll idiom(s)
[09:04:25] [main/INFO]: [Iris] Program 'gbuffers_water': zero-initializing colored-lighting volume accumulator (pack declares it uninitialized)
[09:04:25] [main/INFO]: [Iris] Program 'gbuffers_water': stabilized 2 temporal dither reroll idiom(s)
[09:04:25] [main/INFO]: [Iris] Program 'gbuffers_water': zero-initializing colored-lighting volume accumulator (pack declares it uninitialized)
[09:04:26] [main/INFO]: [Iris] Program 'gbuffers_water': stabilized 2 temporal dither reroll idiom(s)
[09:04:26] [main/INFO]: [Iris] Program 'gbuffers_hand': zero-initializing colored-lighting volume accumulator (pack declares it uninitialized)
[09:04:26] [main/INFO]: [Iris] Program 'gbuffers_hand': stabilized 2 temporal dither reroll idiom(s)
[09:04:26] [main/INFO]: [Iris] Program 'gbuffers_hand': zero-initializing colored-lighting volume accumulator (pack declares it uninitialized)
[09:04:26] [main/INFO]: [Iris] Program 'gbuffers_hand': stabilized 2 temporal dither reroll idiom(s)
[09:04:26] [main/INFO]: [Iris] Program 'shadow': zero-initializing colored-lighting volume accumulator (pack declares it uninitialized)
[09:04:26] [main/INFO]: [Iris] Program 'shadow': zero-initializing colored-lighting volume accumulator (pack declares it uninitialized)
[09:04:26] [main/INFO]: [Iris] Program 'deferred1': stabilized 3 temporal dither reroll idiom(s)
[09:04:26] [main/INFO]: [Iris] Program 'deferred1': stabilized 3 temporal dither reroll idiom(s)
[09:04:26] [main/INFO]: [Iris] Program 'composite': zero-initializing colored-lighting volume accumulator (pack declares it uninitialized)
[09:04:26] [main/INFO]: [Iris] Program 'composite': stabilized 2 temporal dither reroll idiom(s)
[09:04:26] [main/INFO]: [Iris] Program 'composite': zero-initializing colored-lighting volume accumulator (pack declares it uninitialized)
[09:04:26] [main/INFO]: [Iris] Program 'composite': stabilized 2 temporal dither reroll idiom(s)
[09:04:26] [main/INFO]: [Iris] Program 'composite1': zero-initializing colored-lighting volume accumulator (pack declares it uninitialized)
[09:04:26] [main/INFO]: [Iris] Program 'composite1': stabilized 2 temporal dither reroll idiom(s)
[09:04:26] [main/INFO]: [Iris] Program 'composite1': zero-initializing colored-lighting volume accumulator (pack declares it uninitialized)
[09:04:26] [main/INFO]: [Iris] Program 'composite1': stabilized 2 temporal dither reroll idiom(s)
[09:04:26] [main/INFO]: [Iris] Program 'composite5': stabilized 1 temporal dither reroll idiom(s)
[09:04:26] [main/INFO]: [Iris] Program 'composite5': stabilized 1 temporal dither reroll idiom(s)
[09:04:26] [main/INFO]: [Iris] block.properties: 377 block ID(s) declared, 3 render-layer override(s)
[09:04:26] [main/INFO]: [Iris] Program 'gbuffers_basic': zero-initializing colored-lighting volume accumulator (pack declares it uninitialized)
[09:04:26] [main/INFO]: [Iris] Program 'gbuffers_basic': stabilized 1 temporal dither reroll idiom(s)
[09:04:26] [main/INFO]: [Iris] Program 'gbuffers_basic': zero-initializing colored-lighting volume accumulator (pack declares it uninitialized)
[09:04:26] [main/INFO]: [Iris] Program 'gbuffers_basic': stabilized 1 temporal dither reroll idiom(s)
[09:04:27] [main/INFO]: [Iris] Program 'gbuffers_line': zero-initializing colored-lighting volume accumulator (pack declares it uninitialized)
[09:04:27] [main/INFO]: [Iris] Program 'gbuffers_line': stabilized 1 temporal dither reroll idiom(s)
[09:04:27] [main/INFO]: [Iris] Program 'gbuffers_line': zero-initializing colored-lighting volume accumulator (pack declares it uninitialized)
[09:04:27] [main/INFO]: [Iris] Program 'gbuffers_line': stabilized 1 temporal dither reroll idiom(s)
[09:04:27] [main/INFO]: [Iris] Program 'gbuffers_textured': zero-initializing colored-lighting volume accumulator (pack declares it uninitialized)
[09:04:27] [main/INFO]: [Iris] Program 'gbuffers_textured': stabilized 2 temporal dither reroll idiom(s)
[09:04:27] [main/INFO]: [Iris] Program 'gbuffers_textured': zero-initializing colored-lighting volume accumulator (pack declares it uninitialized)
[09:04:27] [main/INFO]: [Iris] Program 'gbuffers_textured': stabilized 2 temporal dither reroll idiom(s)
[09:04:27] [main/INFO]: [Iris] Program 'gbuffers_textured': zero-initializing colored-lighting volume accumulator (pack declares it uninitialized)
[09:04:27] [main/INFO]: [Iris] Program 'gbuffers_textured': stabilized 2 temporal dither reroll idiom(s)
[09:04:27] [main/INFO]: [Iris] Program 'gbuffers_textured': zero-initializing colored-lighting volume accumulator (pack declares it uninitialized)
[09:04:27] [main/INFO]: [Iris] Program 'gbuffers_textured': stabilized 2 temporal dither reroll idiom(s)
[09:04:27] [main/INFO]: [Iris] Program 'gbuffers_terrain': zero-initializing colored-lighting volume accumulator (pack declares it uninitialized)
[09:04:27] [main/INFO]: [Iris] Program 'gbuffers_terrain': stabilized 2 temporal dither reroll idiom(s)
[09:04:27] [main/INFO]: [Iris] Program 'gbuffers_terrain': zero-initializing colored-lighting volume accumulator (pack declares it uninitialized)
[09:04:27] [main/INFO]: [Iris] Program 'gbuffers_terrain': stabilized 2 temporal dither reroll idiom(s)
[09:04:27] [main/INFO]: [Iris] Program 'gbuffers_terrain': zero-initializing colored-lighting volume accumulator (pack declares it uninitialized)
[09:04:27] [main/INFO]: [Iris] Program 'gbuffers_terrain': stabilized 2 temporal dither reroll idiom(s)
[09:04:27] [main/INFO]: [Iris] Program 'gbuffers_terrain': zero-initializing colored-lighting volume accumulator (pack declares it uninitialized)
[09:04:27] [main/INFO]: [Iris] Program 'gbuffers_terrain': stabilized 2 temporal dither reroll idiom(s)
[09:04:27] [main/INFO]: [Iris] Program 'gbuffers_terrain': zero-initializing colored-lighting volume accumulator (pack declares it uninitialized)
[09:04:27] [main/INFO]: [Iris] Program 'gbuffers_terrain': stabilized 2 temporal dither reroll idiom(s)
[09:04:27] [main/INFO]: [Iris] Program 'gbuffers_terrain': zero-initializing colored-lighting volume accumulator (pack declares it uninitialized)
[09:04:27] [main/INFO]: [Iris] Program 'gbuffers_terrain': stabilized 2 temporal dither reroll idiom(s)
[09:04:27] [main/INFO]: [Iris] Program 'gbuffers_terrain': zero-initializing colored-lighting volume accumulator (pack declares it uninitialized)
[09:04:27] [main/INFO]: [Iris] Program 'gbuffers_terrain': stabilized 2 temporal dither reroll idiom(s)
[09:04:27] [main/INFO]: [Iris] Program 'gbuffers_terrain': zero-initializing colored-lighting volume accumulator (pack declares it uninitialized)
[09:04:27] [main/INFO]: [Iris] Program 'gbuffers_terrain': stabilized 2 temporal dither reroll idiom(s)
[09:04:27] [main/INFO]: [Iris] Program 'gbuffers_block': zero-initializing colored-lighting volume accumulator (pack declares it uninitialized)
[09:04:27] [main/INFO]: [Iris] Program 'gbuffers_block': stabilized 2 temporal dither reroll idiom(s)
[09:04:27] [main/INFO]: [Iris] Program 'gbuffers_block': zero-initializing colored-lighting volume accumulator (pack declares it uninitialized)
[09:04:27] [main/INFO]: [Iris] Program 'gbuffers_block': stabilized 2 temporal dither reroll idiom(s)
[09:04:27] [main/INFO]: [Iris] Program 'gbuffers_beaconbeam': stabilized 1 temporal dither reroll idiom(s)
[09:04:27] [main/INFO]: [Iris] Program 'gbuffers_beaconbeam': stabilized 1 temporal dither reroll idiom(s)
[09:04:27] [main/INFO]: [Iris] Program 'gbuffers_textured': zero-initializing colored-lighting volume accumulator (pack declares it uninitialized)
[09:04:27] [main/INFO]: [Iris] Program 'gbuffers_textured': stabilized 2 temporal dither reroll idiom(s)
[09:04:27] [main/INFO]: [Iris] Program 'gbuffers_textured': zero-initializing colored-lighting volume accumulator (pack declares it uninitialized)
[09:04:28] [main/INFO]: [Iris] Program 'gbuffers_textured': stabilized 2 temporal dither reroll idiom(s)
[09:04:28] [main/INFO]: [Iris] Program 'gbuffers_entities': zero-initializing colored-lighting volume accumulator (pack declares it uninitialized)
[09:04:28] [main/INFO]: [Iris] Program 'gbuffers_entities': stabilized 2 temporal dither reroll idiom(s)
[09:04:28] [main/INFO]: [Iris] Program 'gbuffers_entities': zero-initializing colored-lighting volume accumulator (pack declares it uninitialized)
[09:04:28] [main/INFO]: [Iris] Program 'gbuffers_entities': stabilized 2 temporal dither reroll idiom(s)
[09:04:28] [main/INFO]: [Iris] Program 'gbuffers_entities_glowing': zero-initializing colored-lighting volume accumulator (pack declares it uninitialized)
[09:04:28] [main/INFO]: [Iris] Program 'gbuffers_entities_glowing': stabilized 2 temporal dither reroll idiom(s)
[09:04:28] [main/INFO]: [Iris] Program 'gbuffers_entities_glowing': zero-initializing colored-lighting volume accumulator (pack declares it uninitialized)
[09:04:28] [main/INFO]: [Iris] Program 'gbuffers_entities_glowing': stabilized 2 temporal dither reroll idiom(s)
[09:04:28] [main/INFO]: [Iris] Program 'gbuffers_hand': zero-initializing colored-lighting volume accumulator (pack declares it uninitialized)
[09:04:28] [main/INFO]: [Iris] Program 'gbuffers_hand': stabilized 2 temporal dither reroll idiom(s)
[09:04:28] [main/INFO]: [Iris] Program 'gbuffers_hand': zero-initializing colored-lighting volume accumulator (pack declares it uninitialized)
[09:04:28] [main/INFO]: [Iris] Program 'gbuffers_hand': stabilized 2 temporal dither reroll idiom(s)
[09:04:28] [main/INFO]: [Iris] Program 'gbuffers_water': zero-initializing colored-lighting volume accumulator (pack declares it uninitialized)
[09:04:28] [main/INFO]: [Iris] Program 'gbuffers_water': stabilized 2 temporal dither reroll idiom(s)
[09:04:28] [main/INFO]: [Iris] Program 'gbuffers_water': zero-initializing colored-lighting volume accumulator (pack declares it uninitialized)
[09:04:28] [main/INFO]: [Iris] Program 'gbuffers_water': stabilized 2 temporal dither reroll idiom(s)
[09:04:28] [main/INFO]: [Iris] Program 'gbuffers_hand': zero-initializing colored-lighting volume accumulator (pack declares it uninitialized)
[09:04:28] [main/INFO]: [Iris] Program 'gbuffers_hand': stabilized 2 temporal dither reroll idiom(s)
[09:04:28] [main/INFO]: [Iris] Program 'gbuffers_hand': zero-initializing colored-lighting volume accumulator (pack declares it uninitialized)
[09:04:28] [main/INFO]: [Iris] Program 'gbuffers_hand': stabilized 2 temporal dither reroll idiom(s)
[09:04:28] [main/INFO]: [Iris] Program 'shadow': zero-initializing colored-lighting volume accumulator (pack declares it uninitialized)
[09:04:28] [main/INFO]: [Iris] Program 'shadow': zero-initializing colored-lighting volume accumulator (pack declares it uninitialized)
[09:04:28] [main/INFO]: [Iris] Program 'deferred1': stabilized 2 temporal dither reroll idiom(s)
[09:04:28] [main/INFO]: [Iris] Program 'deferred1': stabilized 2 temporal dither reroll idiom(s)
[09:04:28] [main/INFO]: [Iris] Program 'composite': zero-initializing colored-lighting volume accumulator (pack declares it uninitialized)
[09:04:29] [main/INFO]: [Iris] Program 'composite': stabilized 2 temporal dither reroll idiom(s)
[09:04:29] [main/INFO]: [Iris] Program 'composite': zero-initializing colored-lighting volume accumulator (pack declares it uninitialized)
[09:04:29] [main/INFO]: [Iris] Program 'composite': stabilized 2 temporal dither reroll idiom(s)
[09:04:29] [main/INFO]: [Iris] Program 'composite1': zero-initializing colored-lighting volume accumulator (pack declares it uninitialized)
[09:04:29] [main/INFO]: [Iris] Program 'composite1': stabilized 1 temporal dither reroll idiom(s)
[09:04:29] [main/INFO]: [Iris] Program 'composite1': zero-initializing colored-lighting volume accumulator (pack declares it uninitialized)
[09:04:29] [main/INFO]: [Iris] Program 'composite1': stabilized 1 temporal dither reroll idiom(s)
[09:04:29] [main/INFO]: [Iris] Program 'composite5': stabilized 1 temporal dither reroll idiom(s)
[09:04:29] [main/INFO]: [Iris] Program 'composite5': stabilized 1 temporal dither reroll idiom(s)
[09:04:29] [main/WARN]: Keeping first definition of ambiguous string option ENABLE_CTMPOMFIX_POM_SPACE
[09:04:29] [main/WARN]: Keeping first definition of ambiguous string option RECESS_POM_IN_PTX
[09:04:29] [main/WARN]: [Iris] #endif without #if in properties file; ignoring
[09:04:29] [main/WARN]: [Iris] State properties are not supported in entity.<id> entries: ==
[09:04:29] [main/INFO]: [Iris] block.properties: 78 block ID(s) declared, 0 render-layer override(s)
[09:04:29] [main/INFO]: [Iris] Program 'gbuffers_basic': texture2DGradARB -> textureGrad (core replacement for #version 430)
[09:04:29] [main/INFO]: [Iris] Program 'gbuffers_line': texture2DGradARB -> textureGrad (core replacement for #version 430)
[09:04:29] [main/INFO]: [Iris] Program 'gbuffers_textured': texture2DGradARB -> textureGrad (core replacement for #version 430)
[09:04:29] [main/INFO]: [Iris] Program 'gbuffers_textured_lit': texture2DGradARB -> textureGrad (core replacement for #version 430)
[09:04:29] [main/INFO]: [Iris] Program 'gbuffers_skybasic': widened 1 integer max/min call(s) to float (GLSL 120 has no integer overload)
[09:04:29] [main/INFO]: [Iris] Program 'gbuffers_skytextured': widened 1 integer max/min call(s) to float (GLSL 120 has no integer overload)
[09:04:29] [main/INFO]: [Iris] Program 'gbuffers_terrain': texture2DGradARB -> textureGrad (core replacement for #version 430)
[09:04:29] [main/INFO]: [Iris] Program 'gbuffers_terrain': texture2DGradARB -> textureGrad (core replacement for #version 430)
[09:04:30] [main/INFO]: [Iris] Program 'gbuffers_terrain': texture2DGradARB -> textureGrad (core replacement for #version 430)
[09:04:30] [main/INFO]: [Iris] Program 'gbuffers_terrain': texture2DGradARB -> textureGrad (core replacement for #version 430)
[09:04:30] [main/INFO]: [Iris] Program 'gbuffers_terrain': texture2DGradARB -> textureGrad (core replacement for #version 430)
[09:04:30] [main/INFO]: [Iris] Program 'gbuffers_block': texture2DGradARB -> textureGrad (core replacement for #version 430)
[09:04:30] [main/INFO]: [Iris] Program 'gbuffers_textured_lit': texture2DGradARB -> textureGrad (core replacement for #version 430)
[09:04:30] [main/INFO]: [Iris] Program 'gbuffers_entities': texture2DGradARB -> textureGrad (core replacement for #version 430)
[09:04:30] [main/INFO]: [Iris] Program 'gbuffers_entities': texture2DGradARB -> textureGrad (core replacement for #version 430)
[09:04:30] [main/INFO]: [Iris] Program 'gbuffers_textured': texture2DGradARB -> textureGrad (core replacement for #version 430)
[09:04:30] [main/INFO]: [Iris] Program 'gbuffers_hand': texture2DGradARB -> textureGrad (core replacement for #version 430)
[09:04:30] [main/INFO]: [Iris] Program 'gbuffers_weather': texture2DGradARB -> textureGrad (core replacement for #version 430)
[09:04:30] [main/INFO]: [Iris] Program 'gbuffers_water': texture2DGradARB -> textureGrad (core replacement for #version 430)
[09:04:30] [main/INFO]: [Iris] Program 'gbuffers_hand_water': texture2DGradARB -> textureGrad (core replacement for #version 430)
[09:04:31] [main/INFO]: [Iris] block.properties: 15 block ID(s) declared, 0 render-layer override(s)
[09:04:31] [main/INFO]: [Iris] composite1 has a pre-Iris path for MC < 11604; compiling it without IS_IRIS
[09:04:31] [main/INFO]: [Iris] gbuffers_water has a pre-Iris path for MC < 11604; compiling it without IS_IRIS
[09:04:31] [main/WARN]: Invalid pack option: GTAO
[09:04:31] [main/WARN]: Invalid pack option: GTAO
[09:04:31] [main/INFO]: [Iris] block.properties: 0 block ID(s) declared, 0 render-layer override(s)
[09:04:33] [main/INFO]: [Iris] Program 'deferred': custom texture depthtex0 declared as sampler3D -> customtex0
[09:04:33] [main/INFO]: [Iris] Program 'deferred': custom texture depthtex0 declared as sampler3D -> customtex0
[09:04:33] [main/INFO]: [Iris] Program 'deferred': custom texture colortex6 declared as sampler3D -> customtex1
[09:04:33] [main/INFO]: [Iris] Program 'deferred': custom texture colortex7 declared as sampler3D -> customtex2
[09:04:33] [main/INFO]: [Iris] Program 'deferred1': custom texture depthtex0 declared as sampler3D -> customtex0
[09:04:34] [main/INFO]: [Iris] Program 'deferred1': custom texture depthtex0 declared as sampler3D -> customtex0
[09:04:34] [main/INFO]: [Iris] Program 'deferred1': custom texture colortex6 declared as sampler3D -> customtex1
[09:04:34] [main/INFO]: [Iris] Program 'deferred1': custom texture colortex7 declared as sampler3D -> customtex2
[09:04:34] [main/INFO]: [Iris] Program 'deferred4': custom texture depthtex0 declared as sampler3D -> customtex0
[09:04:34] [main/INFO]: [Iris] Program 'deferred4': custom texture depthtex0 declared as sampler3D -> customtex0
[09:04:34] [main/INFO]: [Iris] Program 'composite': custom texture colortex0 declared as sampler3D -> customtex3
