[05:17:04] [main/WARN]: [Iris] The block ID map entry "minecraft:gold_oreminecraft:redstone_ore" could not be fully parsed:
[05:17:04] [main/WARN]: [Iris] - Block state property filters must be of the form "key=value", but redstone_ore is not
[05:17:04] [main/INFO]: [Iris] block.properties: 23 block ID(s) declared
[05:17:04] [main/INFO]: [Iris] Program 'gbuffers_skybasic': stabilized 1 temporal dither reroll idiom(s)
[05:17:04] [main/INFO]: [Iris] Program 'gbuffers_skybasic': stabilized 1 temporal dither reroll idiom(s)
[05:17:04] [main/INFO]: [Iris] Program 'gbuffers_block': stabilized 1 temporal dither reroll idiom(s)
[05:17:04] [main/INFO]: [Iris] Program 'gbuffers_block': stabilized 1 temporal dither reroll idiom(s)
[05:17:05] [main/INFO]: [Iris] block.properties: 377 block ID(s) declared
[05:17:05] [main/INFO]: [Iris] Program 'gbuffers_basic': zero-initializing colored-lighting volume accumulator (pack declares it uninitialized)
[05:17:05] [main/INFO]: [Iris] Program 'gbuffers_basic': stabilized 1 temporal dither reroll idiom(s)
[05:17:05] [main/INFO]: [Iris] Program 'gbuffers_basic': zero-initializing colored-lighting volume accumulator (pack declares it uninitialized)
[05:17:05] [main/INFO]: [Iris] Program 'gbuffers_basic': stabilized 1 temporal dither reroll idiom(s)
[05:17:05] [main/INFO]: [Iris] Program 'gbuffers_line': zero-initializing colored-lighting volume accumulator (pack declares it uninitialized)
[05:17:05] [main/INFO]: [Iris] Program 'gbuffers_line': stabilized 1 temporal dither reroll idiom(s)
[05:17:05] [main/INFO]: [Iris] Program 'gbuffers_line': zero-initializing colored-lighting volume accumulator (pack declares it uninitialized)
[05:17:05] [main/INFO]: [Iris] Program 'gbuffers_line': stabilized 1 temporal dither reroll idiom(s)
[05:17:05] [main/INFO]: [Iris] Program 'gbuffers_textured': zero-initializing colored-lighting volume accumulator (pack declares it uninitialized)
[05:17:05] [main/INFO]: [Iris] Program 'gbuffers_textured': stabilized 2 temporal dither reroll idiom(s)
[05:17:05] [main/INFO]: [Iris] Program 'gbuffers_textured': zero-initializing colored-lighting volume accumulator (pack declares it uninitialized)
[05:17:05] [main/INFO]: [Iris] Program 'gbuffers_textured': stabilized 2 temporal dither reroll idiom(s)
[05:17:05] [main/INFO]: [Iris] Program 'gbuffers_textured': zero-initializing colored-lighting volume accumulator (pack declares it uninitialized)
[05:17:05] [main/INFO]: [Iris] Program 'gbuffers_textured': stabilized 2 temporal dither reroll idiom(s)
[05:17:05] [main/INFO]: [Iris] Program 'gbuffers_textured': zero-initializing colored-lighting volume accumulator (pack declares it uninitialized)
[05:17:05] [main/INFO]: [Iris] Program 'gbuffers_textured': stabilized 2 temporal dither reroll idiom(s)
[05:17:05] [main/INFO]: [Iris] Program 'gbuffers_terrain': zero-initializing colored-lighting volume accumulator (pack declares it uninitialized)
[05:17:05] [main/INFO]: [Iris] Program 'gbuffers_terrain': stabilized 2 temporal dither reroll idiom(s)
[05:17:05] [main/INFO]: [Iris] Program 'gbuffers_terrain': zero-initializing colored-lighting volume accumulator (pack declares it uninitialized)
[05:17:05] [main/INFO]: [Iris] Program 'gbuffers_terrain': stabilized 2 temporal dither reroll idiom(s)
[05:17:05] [main/INFO]: [Iris] Program 'gbuffers_terrain': zero-initializing colored-lighting volume accumulator (pack declares it uninitialized)
[05:17:05] [main/INFO]: [Iris] Program 'gbuffers_terrain': stabilized 2 temporal dither reroll idiom(s)
[05:17:05] [main/INFO]: [Iris] Program 'gbuffers_terrain': zero-initializing colored-lighting volume accumulator (pack declares it uninitialized)
[05:17:05] [main/INFO]: [Iris] Program 'gbuffers_terrain': stabilized 2 temporal dither reroll idiom(s)
[05:17:06] [main/INFO]: [Iris] Program 'gbuffers_terrain': zero-initializing colored-lighting volume accumulator (pack declares it uninitialized)
[05:17:06] [main/INFO]: [Iris] Program 'gbuffers_terrain': stabilized 2 temporal dither reroll idiom(s)
[05:17:06] [main/INFO]: [Iris] Program 'gbuffers_terrain': zero-initializing colored-lighting volume accumulator (pack declares it uninitialized)
[05:17:06] [main/INFO]: [Iris] Program 'gbuffers_terrain': stabilized 2 temporal dither reroll idiom(s)
[05:17:06] [main/INFO]: [Iris] Program 'gbuffers_terrain': zero-initializing colored-lighting volume accumulator (pack declares it uninitialized)
[05:17:06] [main/INFO]: [Iris] Program 'gbuffers_terrain': stabilized 2 temporal dither reroll idiom(s)
[05:17:06] [main/INFO]: [Iris] Program 'gbuffers_terrain': zero-initializing colored-lighting volume accumulator (pack declares it uninitialized)
[05:17:06] [main/INFO]: [Iris] Program 'gbuffers_terrain': stabilized 2 temporal dither reroll idiom(s)
[05:17:06] [main/INFO]: [Iris] Program 'gbuffers_block': zero-initializing colored-lighting volume accumulator (pack declares it uninitialized)
[05:17:06] [main/INFO]: [Iris] Program 'gbuffers_block': stabilized 2 temporal dither reroll idiom(s)
[05:17:06] [main/INFO]: [Iris] Program 'gbuffers_block': zero-initializing colored-lighting volume accumulator (pack declares it uninitialized)
[05:17:06] [main/INFO]: [Iris] Program 'gbuffers_block': stabilized 2 temporal dither reroll idiom(s)
[05:17:06] [main/INFO]: [Iris] Program 'gbuffers_beaconbeam': stabilized 1 temporal dither reroll idiom(s)
[05:17:06] [main/INFO]: [Iris] Program 'gbuffers_beaconbeam': stabilized 1 temporal dither reroll idiom(s)
[05:17:06] [main/INFO]: [Iris] Program 'gbuffers_textured': zero-initializing colored-lighting volume accumulator (pack declares it uninitialized)
[05:17:06] [main/INFO]: [Iris] Program 'gbuffers_textured': stabilized 2 temporal dither reroll idiom(s)
[05:17:06] [main/INFO]: [Iris] Program 'gbuffers_textured': zero-initializing colored-lighting volume accumulator (pack declares it uninitialized)
[05:17:06] [main/INFO]: [Iris] Program 'gbuffers_textured': stabilized 2 temporal dither reroll idiom(s)
[05:17:06] [main/INFO]: [Iris] Program 'gbuffers_entities': zero-initializing colored-lighting volume accumulator (pack declares it uninitialized)
[05:17:06] [main/INFO]: [Iris] Program 'gbuffers_entities': stabilized 2 temporal dither reroll idiom(s)
[05:17:06] [main/INFO]: [Iris] Program 'gbuffers_entities': zero-initializing colored-lighting volume accumulator (pack declares it uninitialized)
[05:17:06] [main/INFO]: [Iris] Program 'gbuffers_entities': stabilized 2 temporal dither reroll idiom(s)
[05:17:06] [main/INFO]: [Iris] Program 'gbuffers_entities_glowing': zero-initializing colored-lighting volume accumulator (pack declares it uninitialized)
[05:17:06] [main/INFO]: [Iris] Program 'gbuffers_entities_glowing': stabilized 2 temporal dither reroll idiom(s)
[05:17:06] [main/INFO]: [Iris] Program 'gbuffers_entities_glowing': zero-initializing colored-lighting volume accumulator (pack declares it uninitialized)
[05:17:06] [main/INFO]: [Iris] Program 'gbuffers_entities_glowing': stabilized 2 temporal dither reroll idiom(s)
[05:17:06] [main/INFO]: [Iris] Program 'gbuffers_hand': zero-initializing colored-lighting volume accumulator (pack declares it uninitialized)
[05:17:06] [main/INFO]: [Iris] Program 'gbuffers_hand': stabilized 2 temporal dither reroll idiom(s)
[05:17:06] [main/INFO]: [Iris] Program 'gbuffers_hand': zero-initializing colored-lighting volume accumulator (pack declares it uninitialized)
[05:17:06] [main/INFO]: [Iris] Program 'gbuffers_hand': stabilized 2 temporal dither reroll idiom(s)
[05:17:06] [main/INFO]: [Iris] Program 'gbuffers_water': zero-initializing colored-lighting volume accumulator (pack declares it uninitialized)
[05:17:06] [main/INFO]: [Iris] Program 'gbuffers_water': stabilized 2 temporal dither reroll idiom(s)
[05:17:07] [main/INFO]: [Iris] Program 'gbuffers_water': zero-initializing colored-lighting volume accumulator (pack declares it uninitialized)
[05:17:07] [main/INFO]: [Iris] Program 'gbuffers_water': stabilized 2 temporal dither reroll idiom(s)
[05:17:07] [main/INFO]: [Iris] Program 'gbuffers_hand': zero-initializing colored-lighting volume accumulator (pack declares it uninitialized)
[05:17:07] [main/INFO]: [Iris] Program 'gbuffers_hand': stabilized 2 temporal dither reroll idiom(s)
[05:17:07] [main/INFO]: [Iris] Program 'gbuffers_hand': zero-initializing colored-lighting volume accumulator (pack declares it uninitialized)
[05:17:07] [main/INFO]: [Iris] Program 'gbuffers_hand': stabilized 2 temporal dither reroll idiom(s)
[05:17:07] [main/INFO]: [Iris] Program 'shadow': zero-initializing colored-lighting volume accumulator (pack declares it uninitialized)
[05:17:07] [main/INFO]: [Iris] Program 'shadow': zero-initializing colored-lighting volume accumulator (pack declares it uninitialized)
[05:17:07] [main/INFO]: [Iris] Program 'deferred1': stabilized 3 temporal dither reroll idiom(s)
[05:17:07] [main/INFO]: [Iris] Program 'deferred1': stabilized 3 temporal dither reroll idiom(s)
[05:17:07] [main/INFO]: [Iris] Program 'composite': zero-initializing colored-lighting volume accumulator (pack declares it uninitialized)
[05:17:07] [main/INFO]: [Iris] Program 'composite': stabilized 2 temporal dither reroll idiom(s)
[05:17:07] [main/INFO]: [Iris] Program 'composite': zero-initializing colored-lighting volume accumulator (pack declares it uninitialized)
[05:17:07] [main/INFO]: [Iris] Program 'composite': stabilized 2 temporal dither reroll idiom(s)
[05:17:07] [main/INFO]: [Iris] Program 'composite1': zero-initializing colored-lighting volume accumulator (pack declares it uninitialized)
[05:17:07] [main/INFO]: [Iris] Program 'composite1': stabilized 2 temporal dither reroll idiom(s)
[05:17:07] [main/INFO]: [Iris] Program 'composite1': zero-initializing colored-lighting volume accumulator (pack declares it uninitialized)
[05:17:07] [main/INFO]: [Iris] Program 'composite1': stabilized 2 temporal dither reroll idiom(s)
[05:17:07] [main/INFO]: [Iris] Program 'composite5': stabilized 1 temporal dither reroll idiom(s)
[05:17:07] [main/INFO]: [Iris] Program 'composite5': stabilized 1 temporal dither reroll idiom(s)
[05:17:07] [main/INFO]: [Iris] block.properties: 20 block ID(s) declared
[05:17:08] [main/INFO]: [Iris] block.properties: 15 block ID(s) declared
[05:17:08] [main/INFO]: [Iris] block.properties: 15 block ID(s) declared
[05:17:08] [main/INFO]: [Iris] composite1 has a pre-Iris path for MC < 11604; compiling it without IS_IRIS
[05:17:08] [main/INFO]: [Iris] gbuffers_water has a pre-Iris path for MC < 11604; compiling it without IS_IRIS
[05:17:08] [main/INFO]: [Iris] block.properties: 15 block ID(s) declared
[05:17:08] [main/INFO]: [Iris] composite1 has a pre-Iris path for MC < 11604; compiling it without IS_IRIS
[05:17:08] [main/INFO]: [Iris] gbuffers_water has a pre-Iris path for MC < 11604; compiling it without IS_IRIS
[05:17:08] [main/INFO]: [Iris] block.properties: 151 block ID(s) declared
[05:17:09] [main/WARN]: Invalid pack option: GTAO
[05:17:09] [main/WARN]: Invalid pack option: GTAO
[05:17:10] [main/INFO]: [Iris] block.properties: 0 block ID(s) declared
